// Jest Snapshot v1, https://goo.gl/fbAQLP

exports[`BooleanFieldBuilder 1`] = `
Field {
  "label": "Password",
  "noWrap": false,
  "schemaConfig": Object {
    "defaultVal": false,
    "type": "boolean",
  },
  "type": "switch",
  "width": Object {
    "xs": 12,
  },
}
`;
